../Drivers/Action/Src/lcd.c:33:19:Lcd_create	56	static
../Drivers/Action/Src/lcd.c:57:6:Lcd_init	80	static
../Drivers/Action/Src/lcd.c:98:6:Lcd_int	32	static
../Drivers/Action/Src/lcd.c:108:6:Lcd_float	48	static
../Drivers/Action/Src/lcd.c:118:6:Lcd_string	32	static
../Drivers/Action/Src/lcd.c:127:6:Lcd_cursor	16	static
../Drivers/Action/Src/lcd.c:140:6:Lcd_clear	8	static
../Drivers/Action/Src/lcd.c:144:6:Lcd_define_char	24	static
../Drivers/Action/Src/lcd.c:157:6:lcd_write_command	16	static
../Drivers/Action/Src/lcd.c:176:6:lcd_write_data	16	static
../Drivers/Action/Src/lcd.c:195:6:lcd_write	24	static
