Archive member included to satisfy reference by file (symbol)

C:/ST/STM32CubeIDE_1.13.1/STM32CubeIDE/plugins/com.st.stm32cube.ide.mcu.externaltools.gnu-tools-for-stm32.12.3.rel1.win32_1.0.100.202403111256/tools/bin/../lib/gcc/arm-none-eabi/12.3.1/../../../../arm-none-eabi/lib/thumb/v7e-m+fp/hard\libc_nano.a(libc_a-exit.o)
                              C:/ST/STM32CubeIDE_1.13.1/STM32CubeIDE/plugins/com.st.stm32cube.ide.mcu.externaltools.gnu-tools-for-stm32.12.3.rel1.win32_1.0.100.202403111256/tools/bin/../lib/gcc/arm-none-eabi/12.3.1/../../../../arm-none-eabi/lib/thumb/v7e-m+fp/hard/crt0.o (exit)
C:/ST/STM32CubeIDE_1.13.1/STM32CubeIDE/plugins/com.st.stm32cube.ide.mcu.externaltools.gnu-tools-for-stm32.12.3.rel1.win32_1.0.100.202403111256/tools/bin/../lib/gcc/arm-none-eabi/12.3.1/../../../../arm-none-eabi/lib/thumb/v7e-m+fp/hard\libc_nano.a(libc_a-findfp.o)
                              C:/ST/STM32CubeIDE_1.13.1/STM32CubeIDE/plugins/com.st.stm32cube.ide.mcu.externaltools.gnu-tools-for-stm32.12.3.rel1.win32_1.0.100.202403111256/tools/bin/../lib/gcc/arm-none-eabi/12.3.1/../../../../arm-none-eabi/lib/thumb/v7e-m+fp/hard\libc_nano.a(libc_a-exit.o) (__stdio_exit_handler)
C:/ST/STM32CubeIDE_1.13.1/STM32CubeIDE/plugins/com.st.stm32cube.ide.mcu.externaltools.gnu-tools-for-stm32.12.3.rel1.win32_1.0.100.202403111256/tools/bin/../lib/gcc/arm-none-eabi/12.3.1/../../../../arm-none-eabi/lib/thumb/v7e-m+fp/hard\libc_nano.a(libc_a-fwalk.o)
                              C:/ST/STM32CubeIDE_1.13.1/STM32CubeIDE/plugins/com.st.stm32cube.ide.mcu.externaltools.gnu-tools-for-stm32.12.3.rel1.win32_1.0.100.202403111256/tools/bin/../lib/gcc/arm-none-eabi/12.3.1/../../../../arm-none-eabi/lib/thumb/v7e-m+fp/hard\libc_nano.a(libc_a-findfp.o) (_fwalk_sglue)
C:/ST/STM32CubeIDE_1.13.1/STM32CubeIDE/plugins/com.st.stm32cube.ide.mcu.externaltools.gnu-tools-for-stm32.12.3.rel1.win32_1.0.100.202403111256/tools/bin/../lib/gcc/arm-none-eabi/12.3.1/../../../../arm-none-eabi/lib/thumb/v7e-m+fp/hard\libc_nano.a(libc_a-sprintf.o)
                              ./Drivers/Action/Src/lcd.o (sprintf)
C:/ST/STM32CubeIDE_1.13.1/STM32CubeIDE/plugins/com.st.stm32cube.ide.mcu.externaltools.gnu-tools-for-stm32.12.3.rel1.win32_1.0.100.202403111256/tools/bin/../lib/gcc/arm-none-eabi/12.3.1/../../../../arm-none-eabi/lib/thumb/v7e-m+fp/hard\libc_nano.a(libc_a-stdio.o)
                              C:/ST/STM32CubeIDE_1.13.1/STM32CubeIDE/plugins/com.st.stm32cube.ide.mcu.externaltools.gnu-tools-for-stm32.12.3.rel1.win32_1.0.100.202403111256/tools/bin/../lib/gcc/arm-none-eabi/12.3.1/../../../../arm-none-eabi/lib/thumb/v7e-m+fp/hard\libc_nano.a(libc_a-findfp.o) (__sread)
C:/ST/STM32CubeIDE_1.13.1/STM32CubeIDE/plugins/com.st.stm32cube.ide.mcu.externaltools.gnu-tools-for-stm32.12.3.rel1.win32_1.0.100.202403111256/tools/bin/../lib/gcc/arm-none-eabi/12.3.1/../../../../arm-none-eabi/lib/thumb/v7e-m+fp/hard\libc_nano.a(libc_a-memset.o)
                              C:/ST/STM32CubeIDE_1.13.1/STM32CubeIDE/plugins/com.st.stm32cube.ide.mcu.externaltools.gnu-tools-for-stm32.12.3.rel1.win32_1.0.100.202403111256/tools/bin/../lib/gcc/arm-none-eabi/12.3.1/../../../../arm-none-eabi/lib/thumb/v7e-m+fp/hard/crt0.o (memset)
C:/ST/STM32CubeIDE_1.13.1/STM32CubeIDE/plugins/com.st.stm32cube.ide.mcu.externaltools.gnu-tools-for-stm32.12.3.rel1.win32_1.0.100.202403111256/tools/bin/../lib/gcc/arm-none-eabi/12.3.1/../../../../arm-none-eabi/lib/thumb/v7e-m+fp/hard\libc_nano.a(libc_a-closer.o)
                              C:/ST/STM32CubeIDE_1.13.1/STM32CubeIDE/plugins/com.st.stm32cube.ide.mcu.externaltools.gnu-tools-for-stm32.12.3.rel1.win32_1.0.100.202403111256/tools/bin/../lib/gcc/arm-none-eabi/12.3.1/../../../../arm-none-eabi/lib/thumb/v7e-m+fp/hard\libc_nano.a(libc_a-stdio.o) (_close_r)
C:/ST/STM32CubeIDE_1.13.1/STM32CubeIDE/plugins/com.st.stm32cube.ide.mcu.externaltools.gnu-tools-for-stm32.12.3.rel1.win32_1.0.100.202403111256/tools/bin/../lib/gcc/arm-none-eabi/12.3.1/../../../../arm-none-eabi/lib/thumb/v7e-m+fp/hard\libc_nano.a(libc_a-reent.o)
                              C:/ST/STM32CubeIDE_1.13.1/STM32CubeIDE/plugins/com.st.stm32cube.ide.mcu.externaltools.gnu-tools-for-stm32.12.3.rel1.win32_1.0.100.202403111256/tools/bin/../lib/gcc/arm-none-eabi/12.3.1/../../../../arm-none-eabi/lib/thumb/v7e-m+fp/hard\libc_nano.a(libc_a-closer.o) (errno)
C:/ST/STM32CubeIDE_1.13.1/STM32CubeIDE/plugins/com.st.stm32cube.ide.mcu.externaltools.gnu-tools-for-stm32.12.3.rel1.win32_1.0.100.202403111256/tools/bin/../lib/gcc/arm-none-eabi/12.3.1/../../../../arm-none-eabi/lib/thumb/v7e-m+fp/hard\libc_nano.a(libc_a-impure.o)
                              C:/ST/STM32CubeIDE_1.13.1/STM32CubeIDE/plugins/com.st.stm32cube.ide.mcu.externaltools.gnu-tools-for-stm32.12.3.rel1.win32_1.0.100.202403111256/tools/bin/../lib/gcc/arm-none-eabi/12.3.1/../../../../arm-none-eabi/lib/thumb/v7e-m+fp/hard\libc_nano.a(libc_a-sprintf.o) (_impure_ptr)
[...]
Memory Configuration

Name             Origin             Length             Attributes
CCMRAM           0x10000000         0x00010000         xrw
RAM              0x20000000         0x00020000         xrw
FLASH            0x08000000         0x00100000         xr
*default*        0x00000000         0xffffffff

Linker script and memory map

LOAD C:/ST/STM32CubeIDE_1.13.1/STM32CubeIDE/plugins/com.st.stm32cube.ide.mcu.externaltools.gnu-tools-for-stm32.12.3.rel1.win32_1.0.100.202403111256/tools/bin/../lib/gcc/arm-none-eabi/12.3.1/thumb/v7e-m+fp/hard/crti.o
LOAD C:/ST/STM32CubeIDE_1.13.1/STM32CubeIDE/plugins/com.st.stm32cube.ide.mcu.externaltools.gnu-tools-for-stm32.12.3.rel1.win32_1.0.100.202403111256/tools/bin/../lib/gcc/arm-none-eabi/12.3.1/thumb/v7e-m+fp/hard/crtbegin.o
LOAD C:/ST/STM32CubeIDE_1.13.1/STM32CubeIDE/plugins/com.st.stm32cube.ide.mcu.externaltools.gnu-tools-for-stm32.12.3.rel1.win32_1.0.100.202403111256/tools/bin/../lib/gcc/arm-none-eabi/12.3.1/../../../../arm-none-eabi/lib/thumb/v7e-m+fp/hard/crt0.o
LOAD ./Core/Src/main.o
LOAD ./Core/Src/stm32f4xx_hal_msp.o
LOAD ./Core/Src/stm32f4xx_it.o
LOAD ./Core/Src/syscalls.o
LOAD ./Core/Src/sysmem.o
LOAD ./Core/Src/system_stm32f4xx.o
LOAD ./Core/Startup/startup_stm32f407vgtx.o
LOAD ./Drivers/Action/Src/clavier.o
LOAD ./Drivers/Action/Src/lcd.o
LOAD ./Drivers/STM32F4xx_HAL_Driver/Src/stm32f4xx_hal.o
LOAD ./Drivers/STM32F4xx_HAL_Driver/Src/stm32f4xx_hal_cortex.o
LOAD ./Drivers/STM32F4xx_HAL_Driver/Src/stm32f4xx_hal_dma.o
LOAD ./Drivers/STM32F4xx_HAL_Driver/Src/stm32f4xx_hal_dma_ex.o
LOAD ./Drivers/STM32F4xx_HAL_Driver/Src/stm32f4xx_hal_exti.o
LOAD ./Drivers/STM32F4xx_HAL_Driver/Src/stm32f4xx_hal_flash.o
LOAD ./Drivers/STM32F4xx_HAL_Driver/Src/stm32f4xx_hal_flash_ex.o
LOAD ./Drivers/STM32F4xx_HAL_Driver/Src/stm32f4xx_hal_flash_ramfunc.o
LOAD ./Drivers/STM32F4xx_HAL_Driver/Src/stm32f4xx_hal_gpio.o
LOAD ./Drivers/STM32F4xx_HAL_Driver/Src/stm32f4xx_hal_pwr.o
LOAD ./Drivers/STM32F4xx_HAL_Driver/Src/stm32f4xx_hal_pwr_ex.o
LOAD ./Drivers/STM32F4xx_HAL_Driver/Src/stm32f4xx_hal_rcc.o
LOAD ./Drivers/STM32F4xx_HAL_Driver/Src/stm32f4xx_hal_rcc_ex.o
START GROUP
LOAD C:/ST/STM32CubeIDE_1.13.1/STM32CubeIDE/plugins/com.st.stm32cube.ide.mcu.externaltools.gnu-tools-for-stm32.12.3.rel1.win32_1.0.100.202403111256/tools/bin/../lib/gcc/arm-none-eabi/12.3.1/../../../../arm-none-eabi/lib/thumb/v7e-m+fp/hard\libc_nano.a
LOAD C:/ST/STM32CubeIDE_1.13.1/STM32CubeIDE/plugins/com.st.stm32cube.ide.mcu.externaltools.gnu-tools-for-stm32.12.3.rel1.win32_1.0.100.202403111256/tools/bin/../lib/gcc/arm-none-eabi/12.3.1/../../../../arm-none-eabi/lib/thumb/v7e-m+fp/hard\libm.a
END GROUP
START GROUP
LOAD C:/ST/STM32CubeIDE_1.13.1/STM32CubeIDE/plugins/com.st.stm32cube.ide.mcu.externaltools.gnu-tools-for-stm32.12.3.rel1.win32_1.0.100.202403111256/tools/bin/../lib/gcc/arm-none-eabi/12.3.1/thumb/v7e-m+fp/hard\libgcc.a
LOAD C:/ST/STM32CubeIDE_1.13.1/STM32CubeIDE/plugins/com.st.stm32cube.ide.mcu.externaltools.gnu-tools-for-stm32.12.3.rel1.win32_1.0.100.202403111256/tools/bin/../lib/gcc/arm-none-eabi/12.3.1/../../../../arm-none-eabi/lib/thumb/v7e-m+fp/hard\libc_nano.a
END GROUP
START GROUP
LOAD C:/ST/STM32CubeIDE_1.13.1/STM32CubeIDE/plugins/com.st.stm32cube.ide.mcu.externaltools.gnu-tools-for-stm32.12.3.rel1.win32_1.0.100.202403111256/tools/bin/../lib/gcc/arm-none-eabi/12.3.1/thumb/v7e-m+fp/hard\libgcc.a
LOAD C:/ST/STM32CubeIDE_1.13.1/STM32CubeIDE/plugins/com.st.stm32cube.ide.mcu.externaltools.gnu-tools-for-stm32.12.3.rel1.win32_1.0.100.202403111256/tools/bin/../lib/gcc/arm-none-eabi/12.3.1/../../../../arm-none-eabi/lib/thumb/v7e-m+fp/hard\libc_nano.a
LOAD C:/ST/STM32CubeIDE_1.13.1/STM32CubeIDE/plugins/com.st.stm32cube.ide.mcu.externaltools.gnu-tools-for-stm32.12.3.rel1.win32_1.0.100.202403111256/tools/bin/../lib/gcc/arm-none-eabi/12.3.1/../../../../arm-none-eabi/lib/thumb/v7e-m+fp/hard\libnosys.a
END GROUP
START GROUP
LOAD C:/ST/STM32CubeIDE_1.13.1/STM32CubeIDE/plugins/com.st.stm32cube.ide.mcu.externaltools.gnu-tools-for-stm32.12.3.rel1.win32_1.0.100.202403111256/tools/bin/../lib/gcc/arm-none-eabi/12.3.1/thumb/v7e-m+fp/hard\libgcc.a
LOAD C:/ST/STM32CubeIDE_1.13.1/STM32CubeIDE/plugins/com.st.stm32cube.ide.mcu.externaltools.gnu-tools-for-stm32.12.3.rel1.win32_1.0.100.202403111256/tools/bin/../lib/gcc/arm-none-eabi/12.3.1/../../../../arm-none-eabi/lib/thumb/v7e-m+fp/hard\libc_nano.a
LOAD C:/ST/STM32CubeIDE_1.13.1/STM32CubeIDE/plugins/com.st.stm32cube.ide.mcu.externaltools.gnu-tools-for-stm32.12.3.rel1.win32_1.0.100.202403111256/tools/bin/../lib/gcc/arm-none-eabi/12.3.1/../../../../arm-none-eabi/lib/thumb/v7e-m+fp/hard\libnosys.a
END GROUP
LOAD C:/ST/STM32CubeIDE_1.13.1/STM32CubeIDE/plugins/com.st.stm32cube.ide.mcu.externaltools.gnu-tools-for-stm32.12.3.rel1.win32_1.0.100.202403111256/tools/bin/../lib/gcc/arm-none-eabi/12.3.1/thumb/v7e-m+fp/hard/crtend.o
LOAD C:/ST/STM32CubeIDE_1.13.1/STM32CubeIDE/plugins/com.st.stm32cube.ide.mcu.externaltools.gnu-tools-for-stm32.12.3.rel1.win32_1.0.100.202403111256/tools/bin/../lib/gcc/arm-none-eabi/12.3.1/thumb/v7e-m+fp/hard/crtn.o
                0x20020000                        _estack = (ORIGIN (RAM) + LENGTH (RAM))
                0x00000200                        _Min_Heap_Size = 0x200
                0x00000400                        _Min_Stack_Size = 0x400

.isr_vector     0x08000000      0x188
                0x08000000                        . = ALIGN (0x4)
 *(.isr_vector)
 .isr_vector    0x08000000      0x188 ./Core/Startup/startup_stm32f407vgtx.o
                0x08000000                g_pfnVectors
                0x08000188                        . = ALIGN (0x4)

.text           0x08000188     0x1978
                0x08000188                        . = ALIGN (0x4)
 *(.text)
 .text          0x08000188       0x40 C:/ST/STM32CubeIDE_1.13.1/STM32CubeIDE/plugins/com.st.stm32cube.ide.mcu.externaltools.gnu-tools-for-stm32.12.3.rel1.win32_1.0.100.202403111256/tools/bin/../lib/gcc/arm-none-eabi/12.3.1/thumb/v7e-m+fp/hard/crtbegin.o
 .text          0x080001c8       0x10 C:/ST/STM32CubeIDE_1.13.1/STM32CubeIDE/plugins/com.st.stm32cube.ide.mcu.externaltools.gnu-tools-for-stm32.12.3.rel1.win32_1.0.100.202403111256/tools/bin/../lib/gcc/arm-none-eabi/12.3.1/../../../../arm-none-eabi/lib/thumb/v7e-m+fp/hard\libc_nano.a(libc_a-strlen.o)
                0x080001c8                strlen
 .text          0x080001d8       0x30 C:/ST/STM32CubeIDE_1.13.1/STM32CubeIDE/plugins/com.st.stm32cube.ide.mcu.externaltools.gnu-tools-for-stm32.12.3.rel1.win32_1.0.100.202403111256/tools/bin/../lib/gcc/arm-none-eabi/12.3.1/thumb/v7e-m+fp/hard\libgcc.a(_aeabi_uldivmod.o)
                0x080001d8                __aeabi_uldivmod
 .text          0x08000208      0x2bc C:/ST/STM32CubeIDE_1.13.1/STM32CubeIDE/plugins/com.st.stm32cube.ide.mcu.externaltools.gnu-tools-for-stm32.12.3.rel1.win32_1.0.100.202403111256/tools/bin/../lib/gcc/arm-none-eabi/12.3.1/thumb/v7e-m+fp/hard\libgcc.a(_udivmoddi4.o)
                0x08000208                __udivmoddi4
 .text          0x080004c4        0x4 C:/ST/STM32CubeIDE_1.13.1/STM32CubeIDE/plugins/com.st.stm32cube.ide.mcu.externaltools.gnu-tools-for-stm32.12.3.rel1.win32_1.0.100.202403111256/tools/bin/../lib/gcc/arm-none-eabi/12.3.1/thumb/v7e-m+fp/hard\libgcc.a(_dvmd_tls.o)
                0x080004c4                __aeabi_idiv0
                0x080004c4                __aeabi_ldiv0
 *(.text*)
 .text.main     0x080004c8       0x94 ./Core/Src/main.o
                0x080004c8                main
 .text.SystemClock_Config
                0x0800055c       0xbc ./Core/Src/main.o
                0x0800055c                SystemClock_Config
 .text.MX_GPIO_Init
                0x08000618      0x184 ./Core/Src/main.o
 .text.Error_Handler
                0x0800079c        0xc ./Core/Src/main.o
                0x0800079c                Error_Handler
 .text.HAL_MspInit
                0x080007a8       0x50 ./Core/Src/stm32f4xx_hal_msp.o
                0x080007a8                HAL_MspInit
 .text.NMI_Handler
                0x080007f8        0x8 ./Core/Src/stm32f4xx_it.o
                0x080007f8                NMI_Handler
 .text.HardFault_Handler
                0x08000800        0x8 ./Core/Src/stm32f4xx_it.o
                0x08000800                HardFault_Handler
 .text.MemManage_Handler
                0x08000808        0x8 ./Core/Src/stm32f4xx_it.o
                0x08000808                MemManage_Handler
 .text.BusFault_Handler
                0x08000810        0x8 ./Core/Src/stm32f4xx_it.o
                0x08000810                BusFault_Handler
 .text.UsageFault_Handler
                0x08000818        0x8 ./Core/Src/stm32f4xx_it.o
                0x08000818                UsageFault_Handler
 .text.SVC_Handler
                0x08000820        0xe ./Core/Src/stm32f4xx_it.o
                0x08000820                SVC_Handler
 .text.DebugMon_Handler
                0x0800082e        0xe ./Core/Src/stm32f4xx_it.o
                0x0800082e                DebugMon_Handler
 .text.PendSV_Handler
                0x0800083c        0xe ./Core/Src/stm32f4xx_it.o
                0x0800083c                PendSV_Handler
 .text.SysTick_Handler
                0x0800084a        0xc ./Core/Src/stm32f4xx_it.o
                0x0800084a                SysTick_Handler
 .text.EXTI2_IRQHandler
                0x08000856        0xe ./Core/Src/stm32f4xx_it.o
                0x08000856                EXTI2_IRQHandler
 .text.SystemInit
                0x08000864       0x24 ./Core/Src/system_stm32f4xx.o
                0x08000864                SystemInit
 .text.Reset_Handler
                0x08000888       0x50 ./Core/Startup/startup_stm32f407vgtx.o
                0x08000888                Reset_Handler
 .text.Default_Handler
                0x080008d8        0x2 ./Core/Startup/startup_stm32f407vgtx.o
                0x080008d8                RTC_Alarm_IRQHandler
                0x080008d8                HASH_RNG_IRQHandler
                0x080008d8                TIM8_CC_IRQHandler
                0x080008d8                TIM1_CC_IRQHandler
                0x080008d8                DMA2_Stream5_IRQHandler
                0x080008d8                DMA1_Stream5_IRQHandler
                0x080008d8                PVD_IRQHandler
                0x080008d8                SDIO_IRQHandler
                0x080008d8                TAMP_STAMP_IRQHandler
                0x080008d8                CAN2_RX1_IRQHandler
                0x080008d8                EXTI3_IRQHandler
                0x080008d8                TIM8_TRG_COM_TIM14_IRQHandler
                0x080008d8                TIM1_UP_TIM10_IRQHandler
                0x080008d8                TIM8_UP_TIM13_IRQHandler
                0x080008d8                I2C3_ER_IRQHandler
                0x080008d8                EXTI0_IRQHandler
                0x080008d8                I2C2_EV_IRQHandler
                0x080008d8                DMA1_Stream2_IRQHandler
                0x080008d8                CAN1_RX0_IRQHandler
                0x080008d8                FPU_IRQHandler
                0x080008d8                OTG_HS_WKUP_IRQHandler
                0x080008d8                CAN2_SCE_IRQHandler
                0x080008d8                DMA2_Stream2_IRQHandler
                0x080008d8                SPI1_IRQHandler
                0x080008d8                TIM6_DAC_IRQHandler
                0x080008d8                TIM1_BRK_TIM9_IRQHandler
                0x080008d8                DCMI_IRQHandler
                0x080008d8                CAN2_RX0_IRQHandler
                0x080008d8                DMA2_Stream3_IRQHandler
                0x080008d8                USART6_IRQHandler
                0x080008d8                USART3_IRQHandler
                0x080008d8                CAN1_RX1_IRQHandler
                0x080008d8                UART5_IRQHandler
                0x080008d8                DMA2_Stream0_IRQHandler
                0x080008d8                TIM4_IRQHandler
                0x080008d8                I2C1_EV_IRQHandler
                0x080008d8                DMA1_Stream6_IRQHandler
                0x080008d8                DMA1_Stream1_IRQHandler
                0x080008d8                UART4_IRQHandler
                0x080008d8                TIM3_IRQHandler
                0x080008d8                RCC_IRQHandler
                0x080008d8                TIM8_BRK_TIM12_IRQHandler
                0x080008d8                Default_Handler
                0x080008d8                EXTI15_10_IRQHandler
                0x080008d8                ADC_IRQHandler
                0x080008d8                DMA1_Stream7_IRQHandler
                0x080008d8                TIM7_IRQHandler
                0x080008d8                CAN2_TX_IRQHandler
                0x080008d8                TIM5_IRQHandler
                0x080008d8                DMA2_Stream7_IRQHandler
                0x080008d8                I2C3_EV_IRQHandler
                0x080008d8                EXTI9_5_IRQHandler
                0x080008d8                RTC_WKUP_IRQHandler
                0x080008d8                ETH_WKUP_IRQHandler
                0x080008d8                SPI2_IRQHandler
                0x080008d8                OTG_HS_EP1_IN_IRQHandler
                0x080008d8                DMA1_Stream0_IRQHandler
                0x080008d8                CAN1_TX_IRQHandler
                0x080008d8                EXTI4_IRQHandler
                0x080008d8                FSMC_IRQHandler
                0x080008d8                ETH_IRQHandler
                0x080008d8                OTG_HS_EP1_OUT_IRQHandler
                0x080008d8                WWDG_IRQHandler
                0x080008d8                TIM2_IRQHandler
                0x080008d8                OTG_FS_WKUP_IRQHandler
                0x080008d8                TIM1_TRG_COM_TIM11_IRQHandler
                0x080008d8                OTG_HS_IRQHandler
                0x080008d8                EXTI1_IRQHandler
                0x080008d8                USART2_IRQHandler
                0x080008d8                I2C2_ER_IRQHandler
                0x080008d8                DMA2_Stream1_IRQHandler
                0x080008d8                CAN1_SCE_IRQHandler
                0x080008d8                FLASH_IRQHandler
                0x080008d8                DMA2_Stream4_IRQHandler
                0x080008d8                USART1_IRQHandler
                0x080008d8                OTG_FS_IRQHandler
                0x080008d8                SPI3_IRQHandler
                0x080008d8                DMA1_Stream4_IRQHandler
                0x080008d8                I2C1_ER_IRQHandler
                0x080008d8                DMA2_Stream6_IRQHandler
                0x080008d8                DMA1_Stream3_IRQHandler
 .text.Lcd_create
                0x080008da       0x56 ./Drivers/Action/Src/lcd.o
                0x080008da                Lcd_create
 .text.Lcd_init
                0x08000930       0x52 ./Drivers/Action/Src/lcd.o
                0x08000930                Lcd_init
 .text.Lcd_string
                0x08000982       0x3e ./Drivers/Action/Src/lcd.o
                0x08000982                Lcd_string
 .text.Lcd_cursor
                0x080009c0       0x34 ./Drivers/Action/Src/lcd.o
                0x080009c0                Lcd_cursor
 .text.Lcd_clear
                0x080009f4       0x18 ./Drivers/Action/Src/lcd.o
                0x080009f4                Lcd_clear
 .text.lcd_write_command
                0x08000a0c       0x5c ./Drivers/Action/Src/lcd.o
 .text.lcd_write_data
                0x08000a68       0x5c ./Drivers/Action/Src/lcd.o
 .text.lcd_write
                0x08000ac4       0x80 ./Drivers/Action/Src/lcd.o
 .text.HAL_Init
                0x08000b44       0x44 ./Drivers/STM32F4xx_HAL_Driver/Src/stm32f4xx_hal.o
                0x08000b44                HAL_Init
 .text.HAL_InitTick
                0x08000b88       0x60 ./Drivers/STM32F4xx_HAL_Driver/Src/stm32f4xx_hal.o
                0x08000b88                HAL_InitTick
 .text.HAL_IncTick
                0x08000be8       0x28 ./Drivers/STM32F4xx_HAL_Driver/Src/stm32f4xx_hal.o
                0x08000be8                HAL_IncTick
 .text.HAL_GetTick
                0x08000c10       0x18 ./Drivers/STM32F4xx_HAL_Driver/Src/stm32f4xx_hal.o
                0x08000c10                HAL_GetTick
 .text.HAL_Delay
                0x08000c28       0x48 ./Drivers/STM32F4xx_HAL_Driver/Src/stm32f4xx_hal.o
                0x08000c28                HAL_Delay
 .text.__NVIC_SetPriorityGrouping
                0x08000c70       0x48 ./Drivers/STM32F4xx_HAL_Driver/Src/stm32f4xx_hal_cortex.o
 .text.__NVIC_GetPriorityGrouping
                0x08000cb8       0x1c ./Drivers/STM32F4xx_HAL_Driver/Src/stm32f4xx_hal_cortex.o
 .text.__NVIC_EnableIRQ
                0x08000cd4       0x3c ./Drivers/STM32F4xx_HAL_Driver/Src/stm32f4xx_hal_cortex.o
 .text.__NVIC_SetPriority
                0x08000d10       0x54 ./Drivers/STM32F4xx_HAL_Driver/Src/stm32f4xx_hal_cortex.o
 .text.NVIC_EncodePriority
                0x08000d64       0x66 ./Drivers/STM32F4xx_HAL_Driver/Src/stm32f4xx_hal_cortex.o
 *fill*         0x08000dca        0x2 
 .text.SysTick_Config
                0x08000dcc       0x44 ./Drivers/STM32F4xx_HAL_Driver/Src/stm32f4xx_hal_cortex.o
 .text.HAL_NVIC_SetPriorityGrouping
                0x08000e10       0x16 ./Drivers/STM32F4xx_HAL_Driver/Src/stm32f4xx_hal_cortex.o
                0x08000e10                HAL_NVIC_SetPriorityGrouping
 .text.HAL_NVIC_SetPriority
                0x08000e26       0x38 ./Drivers/STM32F4xx_HAL_Driver/Src/stm32f4xx_hal_cortex.o
                0x08000e26                HAL_NVIC_SetPriority
 .text.HAL_NVIC_EnableIRQ
                0x08000e5e       0x1c ./Drivers/STM32F4xx_HAL_Driver/Src/stm32f4xx_hal_cortex.o
                0x08000e5e                HAL_NVIC_EnableIRQ
 .text.HAL_SYSTICK_Config
                0x08000e7a       0x18 ./Drivers/STM32F4xx_HAL_Driver/Src/stm32f4xx_hal_cortex.o
                0x08000e7a                HAL_SYSTICK_Config
 *fill*         0x08000e92        0x2 
 .text.HAL_GPIO_Init
                0x08000e94      0x338 ./Drivers/STM32F4xx_HAL_Driver/Src/stm32f4xx_hal_gpio.o
                0x08000e94                HAL_GPIO_Init
 .text.HAL_GPIO_WritePin
                0x080011cc       0x32 ./Drivers/STM32F4xx_HAL_Driver/Src/stm32f4xx_hal_gpio.o
                0x080011cc                HAL_GPIO_WritePin
 *fill*         0x080011fe        0x2 
 .text.HAL_GPIO_EXTI_IRQHandler
                0x08001200       0x30 ./Drivers/STM32F4xx_HAL_Driver/Src/stm32f4xx_hal_gpio.o
                0x08001200                HAL_GPIO_EXTI_IRQHandler
 .text.HAL_GPIO_EXTI_Callback
                0x08001230       0x16 ./Drivers/STM32F4xx_HAL_Driver/Src/stm32f4xx_hal_gpio.o
                0x08001230                HAL_GPIO_EXTI_Callback
 *fill*         0x08001246        0x2 
 .text.HAL_RCC_OscConfig
                0x08001248      0x4f0 ./Drivers/STM32F4xx_HAL_Driver/Src/stm32f4xx_hal_rcc.o
                0x08001248                HAL_RCC_OscConfig
 .text.HAL_RCC_ClockConfig
                0x08001738      0x1cc ./Drivers/STM32F4xx_HAL_Driver/Src/stm32f4xx_hal_rcc.o
                0x08001738                HAL_RCC_ClockConfig
 .text.HAL_RCC_GetSysClockFreq
                0x08001904      0x18c ./Drivers/STM32F4xx_HAL_Driver/Src/stm32f4xx_hal_rcc.o
                0x08001904                HAL_RCC_GetSysClockFreq
 .text.memset   0x08001a90       0x10 C:/ST/STM32CubeIDE_1.13.1/STM32CubeIDE/plugins/com.st.stm32cube.ide.mcu.externaltools.gnu-tools-for-stm32.12.3.rel1.win32_1.0.100.202403111256/tools/bin/../lib/gcc/arm-none-eabi/12.3.1/../../../../arm-none-eabi/lib/thumb/v7e-m+fp/hard\libc_nano.a(libc_a-memset.o)
                0x08001a90                memset
 .text.__libc_init_array
                0x08001aa0       0x48 C:/ST/STM32CubeIDE_1.13.1/STM32CubeIDE/plugins/com.st.stm32cube.ide.mcu.externaltools.gnu-tools-for-stm32.12.3.rel1.win32_1.0.100.202403111256/tools/bin/../lib/gcc/arm-none-eabi/12.3.1/../../../../arm-none-eabi/lib/thumb/v7e-m+fp/hard\libc_nano.a(libc_a-init.o)
                0x08001aa0                __libc_init_array
 *(.glue_7)
 .glue_7        0x08001ae8        0x0 linker stubs
 *(.glue_7t)
 .glue_7t       0x08001ae8        0x0 linker stubs
 *(.eh_frame)
 .eh_frame      0x08001ae8        0x0 C:/ST/STM32CubeIDE_1.13.1/STM32CubeIDE/plugins/com.st.stm32cube.ide.mcu.externaltools.gnu-tools-for-stm32.12.3.rel1.win32_1.0.100.202403111256/tools/bin/../lib/gcc/arm-none-eabi/12.3.1/thumb/v7e-m+fp/hard/crtbegin.o
 *(.init)
 .init          0x08001ae8        0x4 C:/ST/STM32CubeIDE_1.13.1/STM32CubeIDE/plugins/com.st.stm32cube.ide.mcu.externaltools.gnu-tools-for-stm32.12.3.rel1.win32_1.0.100.202403111256/tools/bin/../lib/gcc/arm-none-eabi/12.3.1/thumb/v7e-m+fp/hard/crti.o
                0x08001ae8                _init
 .init          0x08001aec        0x8 C:/ST/STM32CubeIDE_1.13.1/STM32CubeIDE/plugins/com.st.stm32cube.ide.mcu.externaltools.gnu-tools-for-stm32.12.3.rel1.win32_1.0.100.202403111256/tools/bin/../lib/gcc/arm-none-eabi/12.3.1/thumb/v7e-m+fp/hard/crtn.o
 *(.fini)
 .fini          0x08001af4        0x4 C:/ST/STM32CubeIDE_1.13.1/STM32CubeIDE/plugins/com.st.stm32cube.ide.mcu.externaltools.gnu-tools-for-stm32.12.3.rel1.win32_1.0.100.202403111256/tools/bin/../lib/gcc/arm-none-eabi/12.3.1/thumb/v7e-m+fp/hard/crti.o
                0x08001af4                _fini
 .fini          0x08001af8        0x8 C:/ST/STM32CubeIDE_1.13.1/STM32CubeIDE/plugins/com.st.stm32cube.ide.mcu.externaltools.gnu-tools-for-stm32.12.3.rel1.win32_1.0.100.202403111256/tools/bin/../lib/gcc/arm-none-eabi/12.3.1/thumb/v7e-m+fp/hard/crtn.o
                0x08001b00                        . = ALIGN (0x4)
                0x08001b00                        _etext = .

.vfp11_veneer   0x08001b00        0x0
 .vfp11_veneer  0x08001b00        0x0 linker stubs

.v4_bx          0x08001b00        0x0
 .v4_bx         0x08001b00        0x0 linker stubs

.iplt           0x08001b00        0x0
 .iplt          0x08001b00        0x0 C:/ST/STM32CubeIDE_1.13.1/STM32CubeIDE/plugins/com.st.stm32cube.ide.mcu.externaltools.gnu-tools-for-stm32.12.3.rel1.win32_1.0.100.202403111256/tools/bin/../lib/gcc/arm-none-eabi/12.3.1/thumb/v7e-m+fp/hard/crtbegin.o

.rodata         0x08001b00       0x34
                0x08001b00                        . = ALIGN (0x4)
 *(.rodata)
 .rodata        0x08001b00       0x20 ./Core/Src/main.o
 *(.rodata*)
 .rodata.AHBPrescTable
                0x08001b20       0x10 ./Core/Src/system_stm32f4xx.o
                0x08001b20                AHBPrescTable
 .rodata.ROW_20
                0x08001b30        0x4 ./Drivers/Action/Src/lcd.o
                0x08001b30                ROW_20
                0x08001b34                        . = ALIGN (0x4)

.ARM.extab      0x08001b34        0x0
                0x08001b34                        . = ALIGN (0x4)
 *(.ARM.extab* .gnu.linkonce.armextab.*)
                0x08001b34                        . = ALIGN (0x4)

.ARM            0x08001b34        0x8
                0x08001b34                        . = ALIGN (0x4)
                0x08001b34                        __exidx_start = .
 *(.ARM.exidx*)
 .ARM.exidx     0x08001b34        0x8 C:/ST/STM32CubeIDE_1.13.1/STM32CubeIDE/plugins/com.st.stm32cube.ide.mcu.externaltools.gnu-tools-for-stm32.12.3.rel1.win32_1.0.100.202403111256/tools/bin/../lib/gcc/arm-none-eabi/12.3.1/../../../../arm-none-eabi/lib/thumb/v7e-m+fp/hard\libc_nano.a(libc_a-strlen.o)
 .ARM.exidx     0x08001b3c        0x0 C:/ST/STM32CubeIDE_1.13.1/STM32CubeIDE/plugins/com.st.stm32cube.ide.mcu.externaltools.gnu-tools-for-stm32.12.3.rel1.win32_1.0.100.202403111256/tools/bin/../lib/gcc/arm-none-eabi/12.3.1/thumb/v7e-m+fp/hard\libgcc.a(_udivmoddi4.o)
                                  0x8 (size before relaxing)
                0x08001b3c                        __exidx_end = .
                0x08001b3c                        . = ALIGN (0x4)

.preinit_array  0x08001b3c        0x0
                0x08001b3c                        . = ALIGN (0x4)
                0x08001b3c                        PROVIDE (__preinit_array_start = .)
 *(.preinit_array*)
                0x08001b3c                        PROVIDE (__preinit_array_end = .)
                0x08001b3c                        . = ALIGN (0x4)

.init_array     0x08001b3c        0x4
                0x08001b3c                        . = ALIGN (0x4)
                0x08001b3c                        PROVIDE (__init_array_start = .)
 *(SORT_BY_NAME(.init_array.*))
 *(.init_array*)
 .init_array    0x08001b3c        0x4 C:/ST/STM32CubeIDE_1.13.1/STM32CubeIDE/plugins/com.st.stm32cube.ide.mcu.externaltools.gnu-tools-for-stm32.12.3.rel1.win32_1.0.100.202403111256/tools/bin/../lib/gcc/arm-none-eabi/12.3.1/thumb/v7e-m+fp/hard/crtbegin.o
                0x08001b40                        PROVIDE (__init_array_end = .)
                0x08001b40                        . = ALIGN (0x4)

.fini_array     0x08001b40        0x4
                0x08001b40                        . = ALIGN (0x4)
                [!provide]                        PROVIDE (__fini_array_start = .)
 *(SORT_BY_NAME(.fini_array.*))
 *(.fini_array*)
 .fini_array    0x08001b40        0x4 C:/ST/STM32CubeIDE_1.13.1/STM32CubeIDE/plugins/com.st.stm32cube.ide.mcu.externaltools.gnu-tools-for-stm32.12.3.rel1.win32_1.0.100.202403111256/tools/bin/../lib/gcc/arm-none-eabi/12.3.1/thumb/v7e-m+fp/hard/crtbegin.o
                [!provide]                        PROVIDE (__fini_array_end = .)
                0x08001b44                        . = ALIGN (0x4)
                0x08001b44                        _sidata = LOADADDR (.data)

.rel.dyn        0x08001b44        0x0
 .rel.iplt      0x08001b44        0x0 C:/ST/STM32CubeIDE_1.13.1/STM32CubeIDE/plugins/com.st.stm32cube.ide.mcu.externaltools.gnu-tools-for-stm32.12.3.rel1.win32_1.0.100.202403111256/tools/bin/../lib/gcc/arm-none-eabi/12.3.1/thumb/v7e-m+fp/hard/crtbegin.o

.data           0x20000000        0xc load address 0x08001b44
                0x20000000                        . = ALIGN (0x4)
                0x20000000                        _sdata = .
 *(.data)
 *(.data*)
 .data.SystemCoreClock
                0x20000000        0x4 ./Core/Src/system_stm32f4xx.o
                0x20000000                SystemCoreClock
 .data.uwTickPrio
                0x20000004        0x4 ./Drivers/STM32F4xx_HAL_Driver/Src/stm32f4xx_hal.o
                0x20000004                uwTickPrio
 .data.uwTickFreq
                0x20000008        0x1 ./Drivers/STM32F4xx_HAL_Driver/Src/stm32f4xx_hal.o
                0x20000008                uwTickFreq
 *(.RamFunc)
 *(.RamFunc*)
                0x2000000c                        . = ALIGN (0x4)
 *fill*         0x20000009        0x3 
                0x2000000c                        _edata = .
                0x08001b50                        _siccmram = LOADADDR (.ccmram)

.igot.plt       0x2000000c        0x0 load address 0x08001b50
 .igot.plt      0x2000000c        0x0 C:/ST/STM32CubeIDE_1.13.1/STM32CubeIDE/plugins/com.st.stm32cube.ide.mcu.externaltools.gnu-tools-for-stm32.12.3.rel1.win32_1.0.100.202403111256/tools/bin/../lib/gcc/arm-none-eabi/12.3.1/thumb/v7e-m+fp/hard/crtbegin.o

.ccmram         0x10000000        0x0 load address 0x08001b50
                0x10000000                        . = ALIGN (0x4)
                0x10000000                        _sccmram = .
 *(.ccmram)
 *(.ccmram*)
                0x10000000                        . = ALIGN (0x4)
                0x10000000                        _eccmram = .
                0x10000000                        . = ALIGN (0x4)

.bss            0x2000000c       0x20
                0x2000000c                        _sbss = .
                0x2000000c                        __bss_start__ = _sbss
 *(.bss)
 .bss           0x2000000c       0x1c C:/ST/STM32CubeIDE_1.13.1/STM32CubeIDE/plugins/com.st.stm32cube.ide.mcu.externaltools.gnu-tools-for-stm32.12.3.rel1.win32_1.0.100.202403111256/tools/bin/../lib/gcc/arm-none-eabi/12.3.1/thumb/v7e-m+fp/hard/crtbegin.o
 *(.bss*)
 .bss.uwTick    0x20000028        0x4 ./Drivers/STM32F4xx_HAL_Driver/Src/stm32f4xx_hal.o
                0x20000028                uwTick
 *(COMMON)
                0x2000002c                        . = ALIGN (0x4)
                0x2000002c                        _ebss = .
                0x2000002c                        __bss_end__ = _ebss

._user_heap_stack
                0x2000002c      0x604
                0x20000030                        . = ALIGN (0x8)
 *fill*         0x2000002c        0x4 
                [!provide]                        PROVIDE (end = .)
                0x20000030                        PROVIDE (_end = .)
                0x20000230                        . = (. + _Min_Heap_Size)
 *fill*         0x20000030      0x200 
                0x20000630                        . = (. + _Min_Stack_Size)
 *fill*         0x20000230      0x400 
                0x20000630                        . = ALIGN (0x8)

/DISCARD/
 libc.a(*)
 libm.a(*)
 libgcc.a(*)

.ARM.attributes
                0x00000000       0x30
 *(.ARM.attributes)
 .ARM.attributes
                0x00000000       0x22 C:/ST/STM32CubeIDE_1.13.1/STM32CubeIDE/plugins/com.st.stm32cube.ide.mcu.externaltools.gnu-tools-for-stm32.12.3.rel1.win32_1.0.100.202403111256/tools/bin/../lib/gcc/arm-none-eabi/12.3.1/thumb/v7e-m+fp/hard/crti.o
 .ARM.attributes
                0x00000022       0x34 C:/ST/STM32CubeIDE_1.13.1/STM32CubeIDE/plugins/com.st.stm32cube.ide.mcu.externaltools.gnu-tools-for-stm32.12.3.rel1.win32_1.0.100.202403111256/tools/bin/../lib/gcc/arm-none-eabi/12.3.1/thumb/v7e-m+fp/hard/crtbegin.o
 .ARM.attributes
                0x00000056       0x34 ./Core/Src/main.o
 .ARM.attributes
                0x0000008a       0x34 ./Core/Src/stm32f4xx_hal_msp.o
 .ARM.attributes
                0x000000be       0x34 ./Core/Src/stm32f4xx_it.o
 .ARM.attributes
                0x000000f2       0x34 ./Core/Src/system_stm32f4xx.o
 .ARM.attributes
                0x00000126       0x21 ./Core/Startup/startup_stm32f407vgtx.o
 .ARM.attributes
                0x00000147       0x34 ./Drivers/Action/Src/lcd.o
 .ARM.attributes
                0x0000017b       0x34 ./Drivers/STM32F4xx_HAL_Driver/Src/stm32f4xx_hal.o
 .ARM.attributes
                0x000001af       0x34 ./Drivers/STM32F4xx_HAL_Driver/Src/stm32f4xx_hal_cortex.o
 .ARM.attributes
                0x000001e3       0x34 ./Drivers/STM32F4xx_HAL_Driver/Src/stm32f4xx_hal_gpio.o
 .ARM.attributes
                0x00000217       0x34 ./Drivers/STM32F4xx_HAL_Driver/Src/stm32f4xx_hal_rcc.o
 .ARM.attributes
                0x0000024b       0x34 C:/ST/STM32CubeIDE_1.13.1/STM32CubeIDE/plugins/com.st.stm32cube.ide.mcu.externaltools.gnu-tools-for-stm32.12.3.rel1.win32_1.0.100.202403111256/tools/bin/../lib/gcc/arm-none-eabi/12.3.1/../../../../arm-none-eabi/lib/thumb/v7e-m+fp/hard\libc_nano.a(libc_a-memset.o)
 .ARM.attributes
                0x0000027f       0x34 C:/ST/STM32CubeIDE_1.13.1/STM32CubeIDE/plugins/com.st.stm32cube.ide.mcu.externaltools.gnu-tools-for-stm32.12.3.rel1.win32_1.0.100.202403111256/tools/bin/../lib/gcc/arm-none-eabi/12.3.1/../../../../arm-none-eabi/lib/thumb/v7e-m+fp/hard\libc_nano.a(libc_a-init.o)
 .ARM.attributes
                0x000002b3       0x17 C:/ST/STM32CubeIDE_1.13.1/STM32CubeIDE/plugins/com.st.stm32cube.ide.mcu.externaltools.gnu-tools-for-stm32.12.3.rel1.win32_1.0.100.202403111256/tools/bin/../lib/gcc/arm-none-eabi/12.3.1/../../../../arm-none-eabi/lib/thumb/v7e-m+fp/hard\libc_nano.a(libc_a-strlen.o)
 .ARM.attributes
                0x000002ca       0x22 C:/ST/STM32CubeIDE_1.13.1/STM32CubeIDE/plugins/com.st.stm32cube.ide.mcu.externaltools.gnu-tools-for-stm32.12.3.rel1.win32_1.0.100.202403111256/tools/bin/../lib/gcc/arm-none-eabi/12.3.1/thumb/v7e-m+fp/hard\libgcc.a(_aeabi_uldivmod.o)
 .ARM.attributes
                0x000002ec       0x34 C:/ST/STM32CubeIDE_1.13.1/STM32CubeIDE/plugins/com.st.stm32cube.ide.mcu.externaltools.gnu-tools-for-stm32.12.3.rel1.win32_1.0.100.202403111256/tools/bin/../lib/gcc/arm-none-eabi/12.3.1/thumb/v7e-m+fp/hard\libgcc.a(_udivmoddi4.o)
 .ARM.attributes
                0x00000320       0x22 C:/ST/STM32CubeIDE_1.13.1/STM32CubeIDE/plugins/com.st.stm32cube.ide.mcu.externaltools.gnu-tools-for-stm32.12.3.rel1.win32_1.0.100.202403111256/tools/bin/../lib/gcc/arm-none-eabi/12.3.1/thumb/v7e-m+fp/hard\libgcc.a(_dvmd_tls.o)
 .ARM.attributes
                0x00000342       0x22 C:/ST/STM32CubeIDE_1.13.1/STM32CubeIDE/plugins/com.st.stm32cube.ide.mcu.externaltools.gnu-tools-for-stm32.12.3.rel1.win32_1.0.100.202403111256/tools/bin/../lib/gcc/arm-none-eabi/12.3.1/thumb/v7e-m+fp/hard/crtn.o
OUTPUT(flying_arm_test.elf elf32-littlearm)
LOAD linker stubs
LOAD C:/ST/STM32CubeIDE_1.13.1/STM32CubeIDE/plugins/com.st.stm32cube.ide.mcu.externaltools.gnu-tools-for-stm32.12.3.rel1.win32_1.0.100.202403111256/tools/bin/../lib/gcc/arm-none-eabi/12.3.1/../../../../arm-none-eabi/lib/thumb/v7e-m+fp/hard\libc.a
LOAD C:/ST/STM32CubeIDE_1.13.1/STM32CubeIDE/plugins/com.st.stm32cube.ide.mcu.externaltools.gnu-tools-for-stm32.12.3.rel1.win32_1.0.100.202403111256/tools/bin/../lib/gcc/arm-none-eabi/12.3.1/../../../../arm-none-eabi/lib/thumb/v7e-m+fp/hard\libm.a
LOAD C:/ST/STM32CubeIDE_1.13.1/STM32CubeIDE/plugins/com.st.stm32cube.ide.mcu.externaltools.gnu-tools-for-stm32.12.3.rel1.win32_1.0.100.202403111256/tools/bin/../lib/gcc/arm-none-eabi/12.3.1/thumb/v7e-m+fp/hard\libgcc.a

.debug_info     0x00000000     0x3f5f
 .debug_info    0x00000000      0xa95 ./Core/Src/main.o
 .debug_info    0x00000a95      0x270 ./Core/Src/stm32f4xx_hal_msp.o
 .debug_info    0x00000d05      0x151 ./Core/Src/stm32f4xx_it.o
 .debug_info    0x00000e56      0x512 ./Core/Src/system_stm32f4xx.o
 .debug_info    0x00001368       0x30 ./Core/Startup/startup_stm32f407vgtx.o
 .debug_info    0x00001398      0x5b8 ./Drivers/Action/Src/lcd.o
 .debug_info    0x00001950      0x944 ./Drivers/STM32F4xx_HAL_Driver/Src/stm32f4xx_hal.o
 .debug_info    0x00002294      0xd57 ./Drivers/STM32F4xx_HAL_Driver/Src/stm32f4xx_hal_cortex.o
 .debug_info    0x00002feb      0x6c3 ./Drivers/STM32F4xx_HAL_Driver/Src/stm32f4xx_hal_gpio.o
 .debug_info    0x000036ae      0x8b1 ./Drivers/STM32F4xx_HAL_Driver/Src/stm32f4xx_hal_rcc.o

.debug_abbrev   0x00000000     0x10a8
 .debug_abbrev  0x00000000      0x23b ./Core/Src/main.o
 .debug_abbrev  0x0000023b       0xd8 ./Core/Src/stm32f4xx_hal_msp.o
 .debug_abbrev  0x00000313       0xa0 ./Core/Src/stm32f4xx_it.o
 .debug_abbrev  0x000003b3      0x11a ./Core/Src/system_stm32f4xx.o
 .debug_abbrev  0x000004cd       0x24 ./Core/Startup/startup_stm32f407vgtx.o
 .debug_abbrev  0x000004f1      0x1f1 ./Drivers/Action/Src/lcd.o
 .debug_abbrev  0x000006e2      0x214 ./Drivers/STM32F4xx_HAL_Driver/Src/stm32f4xx_hal.o
 .debug_abbrev  0x000008f6      0x328 ./Drivers/STM32F4xx_HAL_Driver/Src/stm32f4xx_hal_cortex.o
 .debug_abbrev  0x00000c1e      0x1d4 ./Drivers/STM32F4xx_HAL_Driver/Src/stm32f4xx_hal_gpio.o
 .debug_abbrev  0x00000df2      0x2b6 ./Drivers/STM32F4xx_HAL_Driver/Src/stm32f4xx_hal_rcc.o

.debug_aranges  0x00000000      0x468
 .debug_aranges
                0x00000000       0x38 ./Core/Src/main.o
 .debug_aranges
                0x00000038       0x20 ./Core/Src/stm32f4xx_hal_msp.o
 .debug_aranges
                0x00000058       0x68 ./Core/Src/stm32f4xx_it.o
 .debug_aranges
                0x000000c0       0x28 ./Core/Src/system_stm32f4xx.o
 .debug_aranges
                0x000000e8       0x28 ./Core/Startup/startup_stm32f407vgtx.o
 .debug_aranges
                0x00000110       0x68 ./Drivers/Action/Src/lcd.o
 .debug_aranges
                0x00000178       0xf0 ./Drivers/STM32F4xx_HAL_Driver/Src/stm32f4xx_hal.o
 .debug_aranges
                0x00000268      0x120 ./Drivers/STM32F4xx_HAL_Driver/Src/stm32f4xx_hal_cortex.o
 .debug_aranges
                0x00000388       0x58 ./Drivers/STM32F4xx_HAL_Driver/Src/stm32f4xx_hal_gpio.o
 .debug_aranges
                0x000003e0       0x88 ./Drivers/STM32F4xx_HAL_Driver/Src/stm32f4xx_hal_rcc.o

.debug_rnglists
                0x00000000      0x329
 .debug_rnglists
                0x00000000       0x28 ./Core/Src/main.o
 .debug_rnglists
                0x00000028       0x13 ./Core/Src/stm32f4xx_hal_msp.o
 .debug_rnglists
                0x0000003b       0x49 ./Core/Src/stm32f4xx_it.o
 .debug_rnglists
                0x00000084       0x1a ./Core/Src/system_stm32f4xx.o
 .debug_rnglists
                0x0000009e       0x19 ./Core/Startup/startup_stm32f407vgtx.o
 .debug_rnglists
                0x000000b7       0x4a ./Drivers/Action/Src/lcd.o
 .debug_rnglists
                0x00000101       0xaf ./Drivers/STM32F4xx_HAL_Driver/Src/stm32f4xx_hal.o
 .debug_rnglists
                0x000001b0       0xd4 ./Drivers/STM32F4xx_HAL_Driver/Src/stm32f4xx_hal_cortex.o
 .debug_rnglists
                0x00000284       0x3f ./Drivers/STM32F4xx_HAL_Driver/Src/stm32f4xx_hal_gpio.o
 .debug_rnglists
                0x000002c3       0x66 ./Drivers/STM32F4xx_HAL_Driver/Src/stm32f4xx_hal_rcc.o

.debug_macro    0x00000000    0x1ff59
 .debug_macro   0x00000000      0x2dd ./Core/Src/main.o
 .debug_macro   0x000002dd      0xab4 ./Core/Src/main.o
 .debug_macro   0x00000d91      0x28f ./Core/Src/main.o
 .debug_macro   0x00001020       0x2e ./Core/Src/main.o
 .debug_macro   0x0000104e       0x2f ./Core/Src/main.o
 .debug_macro   0x0000107d       0x22 ./Core/Src/main.o
 .debug_macro   0x0000109f       0x8e ./Core/Src/main.o
 .debug_macro   0x0000112d       0x51 ./Core/Src/main.o
 .debug_macro   0x0000117e      0x103 ./Core/Src/main.o
 .debug_macro   0x00001281       0x6a ./Core/Src/main.o
 .debug_macro   0x000012eb      0x1df ./Core/Src/main.o
 .debug_macro   0x000014ca       0x1c ./Core/Src/main.o
 .debug_macro   0x000014e6       0x22 ./Core/Src/main.o
 .debug_macro   0x00001508       0xfb ./Core/Src/main.o
 .debug_macro   0x00001603     0x1011 ./Core/Src/main.o
 .debug_macro   0x00002614      0x11f ./Core/Src/main.o
 .debug_macro   0x00002733    0x15e97 ./Core/Src/main.o
 .debug_macro   0x000185ca       0x6d ./Core/Src/main.o
 .debug_macro   0x00018637     0x368c ./Core/Src/main.o
 .debug_macro   0x0001bcc3      0x189 ./Core/Src/main.o
 .debug_macro   0x0001be4c       0x5c ./Core/Src/main.o
 .debug_macro   0x0001bea8      0x980 ./Core/Src/main.o
 .debug_macro   0x0001c828      0x9e9 ./Core/Src/main.o
 .debug_macro   0x0001d211      0x115 ./Core/Src/main.o
 .debug_macro   0x0001d326      0x13e ./Core/Src/main.o
 .debug_macro   0x0001d464       0xa5 ./Core/Src/main.o
 .debug_macro   0x0001d509      0x174 ./Core/Src/main.o
 .debug_macro   0x0001d67d      0x287 ./Core/Src/main.o
 .debug_macro   0x0001d904       0x5f ./Core/Src/main.o
 .debug_macro   0x0001d963      0x236 ./Core/Src/main.o
 .debug_macro   0x0001db99      0x12c ./Core/Src/main.o
 .debug_macro   0x0001dcc5      0x21e ./Core/Src/main.o
 .debug_macro   0x0001dee3       0x2e ./Core/Src/main.o
 .debug_macro   0x0001df11      0x127 ./Core/Src/main.o
 .debug_macro   0x0001e038       0x7e ./Core/Src/main.o
 .debug_macro   0x0001e0b6       0x89 ./Core/Src/main.o
 .debug_macro   0x0001e13f      0x12d ./Core/Src/main.o
 .debug_macro   0x0001e26c       0x6a ./Core/Src/main.o
 .debug_macro   0x0001e2d6       0x61 ./Core/Src/main.o
 .debug_macro   0x0001e337       0x2a ./Core/Src/main.o
 .debug_macro   0x0001e361       0x43 ./Core/Src/main.o
 .debug_macro   0x0001e3a4       0x34 ./Core/Src/main.o
 .debug_macro   0x0001e3d8       0x16 ./Core/Src/main.o
 .debug_macro   0x0001e3ee       0x43 ./Core/Src/main.o
 .debug_macro   0x0001e431       0x34 ./Core/Src/main.o
 .debug_macro   0x0001e465       0x10 ./Core/Src/main.o
 .debug_macro   0x0001e475       0x58 ./Core/Src/main.o
 .debug_macro   0x0001e4cd       0x8e ./Core/Src/main.o
 .debug_macro   0x0001e55b       0x1c ./Core/Src/main.o
 .debug_macro   0x0001e577      0x177 ./Core/Src/main.o
 .debug_macro   0x0001e6ee      0x369 ./Core/Src/main.o
 .debug_macro   0x0001ea57       0x10 ./Core/Src/main.o
 .debug_macro   0x0001ea67       0x35 ./Core/Src/main.o
 .debug_macro   0x0001ea9c       0x20 ./Core/Src/main.o
 .debug_macro   0x0001eabc       0x1c ./Core/Src/main.o
 .debug_macro   0x0001ead8       0x10 ./Core/Src/main.o
 .debug_macro   0x0001eae8       0x1c ./Core/Src/main.o
 .debug_macro   0x0001eb04       0x16 ./Core/Src/main.o
 .debug_macro   0x0001eb1a      0x146 ./Core/Src/main.o
 .debug_macro   0x0001ec60       0xa0 ./Core/Src/main.o
 .debug_macro   0x0001ed00       0xbe ./Core/Src/main.o
 .debug_macro   0x0001edbe      0x2dd ./Core/Src/stm32f4xx_hal_msp.o
 .debug_macro   0x0001f09b      0x2e7 ./Core/Src/stm32f4xx_it.o
 .debug_macro   0x0001f382      0x1b0 ./Core/Src/system_stm32f4xx.o
 .debug_macro   0x0001f532      0x2dd ./Drivers/Action/Src/lcd.o
 .debug_macro   0x0001f80f      0x210 ./Drivers/STM32F4xx_HAL_Driver/Src/stm32f4xx_hal.o
 .debug_macro   0x0001fa1f      0x1b0 ./Drivers/STM32F4xx_HAL_Driver/Src/stm32f4xx_hal_cortex.o
 .debug_macro   0x0001fbcf      0x1b6 ./Drivers/STM32F4xx_HAL_Driver/Src/stm32f4xx_hal_gpio.o
 .debug_macro   0x0001fd85      0x1d4 ./Drivers/STM32F4xx_HAL_Driver/Src/stm32f4xx_hal_rcc.o

.debug_line     0x00000000     0x5e09
 .debug_line    0x00000000      0x9b1 ./Core/Src/main.o
 .debug_line    0x000009b1      0x8b6 ./Core/Src/stm32f4xx_hal_msp.o
 .debug_line    0x00001267      0x991 ./Core/Src/stm32f4xx_it.o
 .debug_line    0x00001bf8      0x78a ./Core/Src/system_stm32f4xx.o
 .debug_line    0x00002382       0x7a ./Core/Startup/startup_stm32f407vgtx.o
 .debug_line    0x000023fc      0xa7c ./Drivers/Action/Src/lcd.o
 .debug_line    0x00002e78      0x9f3 ./Drivers/STM32F4xx_HAL_Driver/Src/stm32f4xx_hal.o
 .debug_line    0x0000386b      0xcbb ./Drivers/STM32F4xx_HAL_Driver/Src/stm32f4xx_hal_cortex.o
 .debug_line    0x00004526      0xb7f ./Drivers/STM32F4xx_HAL_Driver/Src/stm32f4xx_hal_gpio.o
 .debug_line    0x000050a5      0xd64 ./Drivers/STM32F4xx_HAL_Driver/Src/stm32f4xx_hal_rcc.o

.debug_str      0x00000000    0xc0098
 .debug_str     0x00000000    0xbf104 ./Core/Src/main.o
                              0xbf3c4 (size before relaxing)
 .debug_str     0x000bf104       0x2c ./Core/Src/stm32f4xx_hal_msp.o
                              0xbeb68 (size before relaxing)
 .debug_str     0x000bf130       0xf3 ./Core/Src/stm32f4xx_it.o
                              0xbeb2c (size before relaxing)
 .debug_str     0x000bf223       0xdb ./Core/Src/system_stm32f4xx.o
                              0xbafea (size before relaxing)
 .debug_str     0x000bf2fe       0x44 ./Core/Startup/startup_stm32f407vgtx.o
                                 0xa4 (size before relaxing)
 .debug_str     0x000bf342       0x9f ./Drivers/Action/Src/lcd.o
                              0xbec37 (size before relaxing)
 .debug_str     0x000bf3e1      0x60d ./Drivers/STM32F4xx_HAL_Driver/Src/stm32f4xx_hal.o
                              0xbbb6e (size before relaxing)
 .debug_str     0x000bf9ee      0x35f ./Drivers/STM32F4xx_HAL_Driver/Src/stm32f4xx_hal_cortex.o
                              0xbb8b8 (size before relaxing)
 .debug_str     0x000bfd4d      0x118 ./Drivers/STM32F4xx_HAL_Driver/Src/stm32f4xx_hal_gpio.o
                              0xbb165 (size before relaxing)
 .debug_str     0x000bfe65      0x233 ./Drivers/STM32F4xx_HAL_Driver/Src/stm32f4xx_hal_rcc.o
                              0xbb41e (size before relaxing)

.comment        0x00000000       0x43
 .comment       0x00000000       0x43 ./Core/Src/main.o
                                 0x44 (size before relaxing)
 .comment       0x00000043       0x44 ./Core/Src/stm32f4xx_hal_msp.o
 .comment       0x00000043       0x44 ./Core/Src/stm32f4xx_it.o
 .comment       0x00000043       0x44 ./Core/Src/system_stm32f4xx.o
 .comment       0x00000043       0x44 ./Drivers/Action/Src/lcd.o
 .comment       0x00000043       0x44 ./Drivers/STM32F4xx_HAL_Driver/Src/stm32f4xx_hal.o
 .comment       0x00000043       0x44 ./Drivers/STM32F4xx_HAL_Driver/Src/stm32f4xx_hal_cortex.o
 .comment       0x00000043       0x44 ./Drivers/STM32F4xx_HAL_Driver/Src/stm32f4xx_hal_gpio.o
 .comment       0x00000043       0x44 ./Drivers/STM32F4xx_HAL_Driver/Src/stm32f4xx_hal_rcc.o

.debug_frame    0x00000000      0xfd8
 .debug_frame   0x00000000       0x90 ./Core/Src/main.o
 .debug_frame   0x00000090       0x38 ./Core/Src/stm32f4xx_hal_msp.o
 .debug_frame   0x000000c8      0x120 ./Core/Src/stm32f4xx_it.o
 .debug_frame   0x000001e8       0x58 ./Core/Src/system_stm32f4xx.o
 .debug_frame   0x00000240      0x180 ./Drivers/Action/Src/lcd.o
 .debug_frame   0x000003c0      0x374 ./Drivers/STM32F4xx_HAL_Driver/Src/stm32f4xx_hal.o
 .debug_frame   0x00000734      0x4b8 ./Drivers/STM32F4xx_HAL_Driver/Src/stm32f4xx_hal_cortex.o
 .debug_frame   0x00000bec      0x14c ./Drivers/STM32F4xx_HAL_Driver/Src/stm32f4xx_hal_gpio.o
 .debug_frame   0x00000d38      0x1f4 ./Drivers/STM32F4xx_HAL_Driver/Src/stm32f4xx_hal_rcc.o
 .debug_frame   0x00000f2c       0x20 C:/ST/STM32CubeIDE_1.13.1/STM32CubeIDE/plugins/com.st.stm32cube.ide.mcu.externaltools.gnu-tools-for-stm32.12.3.rel1.win32_1.0.100.202403111256/tools/bin/../lib/gcc/arm-none-eabi/12.3.1/../../../../arm-none-eabi/lib/thumb/v7e-m+fp/hard\libc_nano.a(libc_a-memset.o)
 .debug_frame   0x00000f4c       0x2c C:/ST/STM32CubeIDE_1.13.1/STM32CubeIDE/plugins/com.st.stm32cube.ide.mcu.externaltools.gnu-tools-for-stm32.12.3.rel1.win32_1.0.100.202403111256/tools/bin/../lib/gcc/arm-none-eabi/12.3.1/../../../../arm-none-eabi/lib/thumb/v7e-m+fp/hard\libc_nano.a(libc_a-init.o)
 .debug_frame   0x00000f78       0x2c C:/ST/STM32CubeIDE_1.13.1/STM32CubeIDE/plugins/com.st.stm32cube.ide.mcu.externaltools.gnu-tools-for-stm32.12.3.rel1.win32_1.0.100.202403111256/tools/bin/../lib/gcc/arm-none-eabi/12.3.1/thumb/v7e-m+fp/hard\libgcc.a(_aeabi_uldivmod.o)
 .debug_frame   0x00000fa4       0x34 C:/ST/STM32CubeIDE_1.13.1/STM32CubeIDE/plugins/com.st.stm32cube.ide.mcu.externaltools.gnu-tools-for-stm32.12.3.rel1.win32_1.0.100.202403111256/tools/bin/../lib/gcc/arm-none-eabi/12.3.1/thumb/v7e-m+fp/hard\libgcc.a(_udivmoddi4.o)

.debug_line_str
                0x00000000       0x88
 .debug_line_str
                0x00000000       0x88 ./Core/Startup/startup_stm32f407vgtx.o
