../Drivers/Action/Src/filters.c:11:6:Filter_init	8	static
../Drivers/Action/Src/filters.c:21:6:Filter_selection	16	static
../Drivers/Action/Src/filters.c:30:6:Filter_refresh	16	static
../Drivers/Action/Src/filters.c:41:8:Filter_GetAngle	8	static
../Drivers/Action/Src/filters.c:56:8:Filter_GetGyro	8	static
../Drivers/Action/Src/filters.c:75:6:EKF_init	16	static
../Drivers/Action/Src/filters.c:111:6:EKF_estimation	32	static
../Drivers/Action/Src/filters.c:168:8:EKF_GetAngle	8	static
../Drivers/Action/Src/filters.c:178:8:EKF_GetGyro	8	static
../Drivers/Action/Src/filters.c:196:8:mean_GetAngle	8	static
../Drivers/Action/Src/filters.c:206:8:mean_GetGyro	8	static
../Drivers/Action/Src/filters.c:222:8:raw_GetAngle	8	static
../Drivers/Action/Src/filters.c:232:8:raw_GetGyro	8	static
