../Drivers/Action/Src/motor.c:8:6:Motor_Stop	8	static
../Drivers/Action/Src/motor.c:14:6:Motor_Start	8	static
../Drivers/Action/Src/motor.c:18:6:Motor_SetCounterValue	16	static
../Drivers/Action/Src/motor.c:22:6:Motor_SetSpeed	24	static
../Drivers/Action/Src/motor.c:31:6:Motor_SetTime	16	static
../Drivers/Action/Src/motor.c:36:6:Clock_init	88	static
../Drivers/Action/Src/motor.c:77:6:Motor_init	96	static
../Drivers/Action/Src/motor.c:147:6:Wait_Until	16	static
../Drivers/Action/Src/motor.c:161:6:TIM4_IRQHandler	8	static
../Drivers/Action/Src/motor.c:166:6:MOTOR_Error_Handler	4	static
