../Drivers/Action/Src/sensor.c:11:6:Sensor_init	8	static
../Drivers/Action/Src/sensor.c:17:8:Sensor_GetAngle	8	static
../Drivers/Action/Src/sensor.c:21:8:Sensor_GetAngleRaw	8	static
../Drivers/Action/Src/sensor.c:25:8:Sensor_GetGyro	8	static
../Drivers/Action/Src/sensor.c:30:8:Sensor_GetGyroRaw	24	static
../Drivers/Action/Src/sensor.c:44:8:Sensor_GetMotorSpeed	4	static
../Drivers/Action/Src/sensor.c:48:6:Sensor_Error_Handler	4	static
../Drivers/Action/Src/sensor.c:63:6:ADC_init	32	static
../Drivers/Action/Src/sensor.c:109:6:ADC_init_PotOffset	16	static
../Drivers/Action/Src/sensor.c:118:8:ADC_Calculate_Pot	24	static
../Drivers/Action/Src/sensor.c:143:6:HAL_ADC_MspInit	48	static
../Drivers/Action/Src/sensor.c:182:6:DMA2_Stream2_IRQHandler	8	static
../Drivers/Action/Src/sensor.c:201:6:IMU_init	24	static
../Drivers/Action/Src/sensor.c:239:9:IMU_Decode_Gyro_Data	24	static
../Drivers/Action/Src/sensor.c:262:6:IMU_Calculate_Gyro	32	static
../Drivers/Action/Src/sensor.c:279:6:IMU_Calculate_All_Data	64	static
../Drivers/Action/Src/sensor.c:317:6:IMU_init_GyroOffset	88	static
../Drivers/Action/Src/sensor.c:378:6:HAL_UART_MspInit	48	static
../Drivers/Action/Src/sensor.c:418:6:DMA1_Stream5_IRQHandler	8	static
